2020-06-17 11:47:39 - INFO - speed_vol_perturb: audio_file: /home/dzubke/awni_speech/data/common-voice/clips/common_voice_en_61789.wv
2020-06-17 11:47:39 - INFO - speed_vol_perturb: tempo_value: 1.0722677499266509
2020-06-17 11:47:39 - INFO - speed_vol_perturb: gain_value: 3.608738235291953
2020-06-17 11:47:55 - INFO - speed_vol_perturb: audio_file: /home/dzubke/awni_speech/data/common-voice/clips/common_voice_en_61789.wv
2020-06-17 11:47:55 - INFO - speed_vol_perturb: tempo_value: 1.0722677499266509
2020-06-17 11:47:55 - INFO - speed_vol_perturb: gain_value: 3.608738235291953
2020-06-17 11:47:56 - INFO - speed_vol_perturb: audio_file: /home/dzubke/awni_speech/data/common-voice/clips/common_voice_en_61789.wv
2020-06-17 11:47:56 - INFO - speed_vol_perturb: tempo_value: 1.0722677499266509
2020-06-17 11:47:56 - INFO - speed_vol_perturb: gain_value: 3.608738235291953
2020-06-17 11:47:57 - INFO - speed_vol_perturb: audio_file: /home/dzubke/awni_speech/data/common-voice/clips/common_voice_en_61789.wv
2020-06-17 11:47:57 - INFO - speed_vol_perturb: tempo_value: 1.0722677499266509
2020-06-17 11:47:57 - INFO - speed_vol_perturb: gain_value: 3.608738235291953
2020-06-17 11:47:58 - INFO - speed_vol_perturb: audio_file: /home/dzubke/awni_speech/data/common-voice/clips/common_voice_en_61789.wv
2020-06-17 11:47:58 - INFO - speed_vol_perturb: tempo_value: 1.0722677499266509
2020-06-17 11:47:58 - INFO - speed_vol_perturb: gain_value: 3.608738235291953
2020-06-17 11:48:03 - INFO - speed_vol_perturb: audio_file: /home/dzubke/awni_speech/data/common-voice/clips/common_voice_en_61789.wv
2020-06-17 11:48:03 - INFO - speed_vol_perturb: tempo_value: 1.0722677499266509
2020-06-17 11:48:03 - INFO - speed_vol_perturb: gain_value: 3.608738235291953
2020-06-17 11:48:04 - INFO - speed_vol_perturb: audio_file: /home/dzubke/awni_speech/data/common-voice/clips/common_voice_en_61789.wv
2020-06-17 11:48:04 - INFO - speed_vol_perturb: tempo_value: 1.0722677499266509
2020-06-17 11:48:04 - INFO - speed_vol_perturb: gain_value: 3.608738235291953
2020-06-17 11:48:05 - INFO - speed_vol_perturb: audio_file: /home/dzubke/awni_speech/data/common-voice/clips/common_voice_en_61789.wv
2020-06-17 11:48:05 - INFO - speed_vol_perturb: tempo_value: 1.0722677499266509
2020-06-17 11:48:05 - INFO - speed_vol_perturb: gain_value: 3.608738235291953
2020-06-17 11:49:54 - INFO - speed_vol_perturb: audio_file: /home/dzubke/awni_speech/data/common-voice/clips/common_voice_en_19565286.wv
2020-06-17 11:49:54 - INFO - speed_vol_perturb: tempo_value: 1.0370890163829911
2020-06-17 11:49:54 - INFO - speed_vol_perturb: gain_value: -2.237877190013139
2020-06-17 11:49:56 - INFO - speed_vol_perturb: audio_file: /home/dzubke/awni_speech/data/common-voice/clips/common_voice_en_19565286.wv
2020-06-17 11:49:56 - INFO - speed_vol_perturb: tempo_value: 1.0370890163829911
2020-06-17 11:49:56 - INFO - speed_vol_perturb: gain_value: -2.237877190013139
2020-06-17 11:49:56 - INFO - speed_vol_perturb: audio_file: /home/dzubke/awni_speech/data/common-voice/clips/common_voice_en_19565286.wv
2020-06-17 11:49:56 - INFO - speed_vol_perturb: tempo_value: 1.0370890163829911
2020-06-17 11:49:56 - INFO - speed_vol_perturb: gain_value: -2.237877190013139
2020-06-17 11:49:57 - INFO - speed_vol_perturb: audio_file: /home/dzubke/awni_speech/data/common-voice/clips/common_voice_en_19565286.wv
2020-06-17 11:49:57 - INFO - speed_vol_perturb: tempo_value: 1.0370890163829911
2020-06-17 11:49:57 - INFO - speed_vol_perturb: gain_value: -2.237877190013139
2020-06-17 11:49:57 - INFO - speed_vol_perturb: audio_file: /home/dzubke/awni_speech/data/common-voice/clips/common_voice_en_19565286.wv
2020-06-17 11:49:57 - INFO - speed_vol_perturb: tempo_value: 1.0370890163829911
2020-06-17 11:49:57 - INFO - speed_vol_perturb: gain_value: -2.237877190013139
2020-06-17 11:49:58 - INFO - speed_vol_perturb: audio_file: /home/dzubke/awni_speech/data/common-voice/clips/common_voice_en_19565286.wv
2020-06-17 11:49:58 - INFO - speed_vol_perturb: tempo_value: 1.0370890163829911
2020-06-17 11:49:58 - INFO - speed_vol_perturb: gain_value: -2.237877190013139
2020-06-17 11:49:58 - INFO - speed_vol_perturb: audio_file: /home/dzubke/awni_speech/data/common-voice/clips/common_voice_en_19565286.wv
2020-06-17 11:49:58 - INFO - speed_vol_perturb: tempo_value: 1.0370890163829911
2020-06-17 11:49:58 - INFO - speed_vol_perturb: gain_value: -2.237877190013139
2020-06-17 12:44:03 - INFO - speed_vol_perturb: audio_file: /home/dzubke/awni_speech/data/common-voice/clips/common_voice_en_19565286.wv
2020-06-17 12:44:03 - INFO - speed_vol_perturb: tempo_value: 1.0370890163829911
2020-06-17 12:44:03 - INFO - speed_vol_perturb: gain_value: -2.237877190013139
2020-06-17 12:44:24 - INFO - speed_vol_perturb: audio_file: /home/dzubke/awni_speech/data/voxforge/archive/DermotColeman-20111125-uom/wav/b0396.wv
2020-06-17 12:44:24 - INFO - speed_vol_perturb: tempo_value: 1.0370890163829911
2020-06-17 12:44:24 - INFO - speed_vol_perturb: gain_value: -2.237877190013139
2020-06-17 12:44:24 - ERROR - speed_vol_perturb: RuntimeError: Error opening '/tmp/tmpycte0_de.wav': File contains data in an unknown format.
2020-06-17 13:53:12 - INFO - speed_vol_perturb: audio_file: /home/dzubke/awni_speech/data/voxforge/archive/DermotColeman-20111125-uom/wav/b0396.wv
2020-06-17 13:53:12 - INFO - speed_vol_perturb: tempo_value: 1.0370890163829911
2020-06-17 13:53:12 - INFO - speed_vol_perturb: gain_value: -2.237877190013139
2020-06-17 13:53:13 - ERROR - speed_vol_perturb: RuntimeError: Error opening '/tmp/tmpwk2gwzwz.wav': File contains data in an unknown format.
